// Jest Snapshot v1, https://goo.gl/fbAQLP

exports[`CollectionItem Component should render CollectionItem component 1`] = `ShallowWrapper {}`;
