// Jest Snapshot v1, https://goo.gl/fbAQLP

exports[`CartDropDown component should render CartDropdown component 1`] = `ShallowWrapper {}`;
