// Jest Snapshot v1, https://goo.gl/fbAQLP

exports[`CartItem component should render CartItem component 1`] = `ShallowWrapper {}`;

exports[`should render CartItem component 1`] = `ShallowWrapper {}`;
